<html>
<body>
<pre>
<h1>µVision Build Log</h1>
<h2>Tool Versions:</h2>
IDE-Version: ¦ÌVision V5.14.0.0
Copyright (C) 2015 ARM Ltd and ARM Germany GmbH. All rights reserved.
License Information: 2022 2022, 2022, LIC=CZLZX-HECRD-LQC0Q-NYJZ0-3ZTPS-DAWYS
 
Tool Versions:
Toolchain:       MDK-ARM Standard  Version: 5.14.0.0
Toolchain Path:  C:\Keil_v5\ARM\ARMCC\Bin
C Compiler:      Armcc.exe V5.05 update 1 (build 106)
Assembler:       Armasm.exe V5.05 update 1 (build 106)
Linker/Locator:  ArmLink.exe V5.05 update 1 (build 106)
Library Manager: ArmAr.exe V5.05 update 1 (build 106)
Hex Converter:   FromElf.exe V5.05 update 1 (build 106)
CPU DLL:         SARMCM3.DLL V5.14.0.0
Dialog DLL:      DARMCM1.DLL V1.12.0.0
Target DLL:      Segger\JL2CM3.dll V2.99.13.0
Dialog DLL:      TARMCM1.DLL V1.9.0.0
 
<h2>Project:</h2>
C:\Users\Stond  GUTAI\Desktop\CMT2300A_Easy_Demo_v2.0\MDK-ARM\CMT2300A_Easy_Demo.uvprojx
Project File Date:  03/20/2023

<h2>Output:</h2>
Build target 'Demo'
compiling main.c...
linking...
Program Size: Code=6284 RO-data=836 RW-data=76 ZI-data=1836  
FromELF: creating hex file...
".\Objects\LLCC68 Demo.axf" - 0 Error(s), 0 Warning(s).

<h2>Collection of Component include folders:</h2>
  C:\Users\Stond  GUTAI\Desktop\CMT2300A_Easy_Demo_v2.0\MDK-ARM\RTE
  C:\Keil_v5\ARM\PACK\Keil\STM32F0xx_DFP\1.5.0

<h2>Collection of Component Files used:</h2>
</pre>
</body>
</html>
